Archive member included to satisfy reference by file (symbol)

c:/program files (x86)/microchip/xc8/v2.10/avr/bin/../lib/gcc/avr/5.4.0/avr5/memx-const\libgcc.a(_exit.o)
                              C:/Program Files (x86)/Microchip/MPLABX/v5.35/packs/Microchip/ATmega_DFP/2.1.87/gcc/dev/atmega32a/avr5/memx-const/crtatmega32a.o (exit)
c:/program files (x86)/microchip/xc8/v2.10/avr/bin/../lib/gcc/avr/5.4.0/avr5/memx-const\libgcc.a(_copy_data.o)
                              build/default/production/mUART.o (__do_clear_bss)
c:/program files (x86)/microchip/xc8/v2.10/avr/bin/../lib/gcc/avr/5.4.0/avr5/memx-const\libgcc.a(_movmemx.o)
                              build/default/production/main.o (__movmemx_qi)
c:/program files (x86)/microchip/xc8/v2.10/avr/bin/../lib/gcc/avr/5.4.0/../../../../avr/lib/avr5/memx-const\libc.a(strcmp_M.o)
                              build/default/production/main.o (strcmp)
c:/program files (x86)/microchip/xc8/v2.10/avr/bin/../lib/gcc/avr/5.4.0/../../../../avr/lib/avr5/memx-const\libc.a(strcpy_M.o)
                              build/default/production/main.o (strcpy)
c:/program files (x86)/microchip/xc8/v2.10/avr/bin/../lib/gcc/avr/5.4.0/../../../../avr/lib/avr5/memx-const\libc.a(itoa_ncheck.o)
                              build/default/production/mUART.o (__itoa_ncheck)
c:/program files (x86)/microchip/xc8/v2.10/avr/bin/../lib/gcc/avr/5.4.0/../../../../avr/lib/avr5/memx-const\libc.a(utoa_ncheck.o)
                              c:/program files (x86)/microchip/xc8/v2.10/avr/bin/../lib/gcc/avr/5.4.0/../../../../avr/lib/avr5/memx-const\libc.a(itoa_ncheck.o) (__utoa_common)
c:/program files (x86)/microchip/xc8/v2.10/avr/bin/../lib/gcc/avr/5.4.0/../../../../avr/lib/avr5/memx-const\libc.a(strrev.o)
                              c:/program files (x86)/microchip/xc8/v2.10/avr/bin/../lib/gcc/avr/5.4.0/../../../../avr/lib/avr5/memx-const\libc.a(utoa_ncheck.o) (strrev)

Discarded input sections

 .data          0x00000000        0x0 C:/Program Files (x86)/Microchip/MPLABX/v5.35/packs/Microchip/ATmega_DFP/2.1.87/gcc/dev/atmega32a/avr5/memx-const/crtatmega32a.o
 .bss           0x00000000        0x0 C:/Program Files (x86)/Microchip/MPLABX/v5.35/packs/Microchip/ATmega_DFP/2.1.87/gcc/dev/atmega32a/avr5/memx-const/crtatmega32a.o
 .text          0x00000000        0x0 build/default/production/mUART.o
 .data          0x00000000        0x0 build/default/production/mUART.o
 .bss           0x00000000        0x0 build/default/production/mUART.o
 .text.UART_TransmitChar
                0x00000000        0x8 build/default/production/mUART.o
 .text.UART_ReceiveINT
                0x00000000       0x16 build/default/production/mUART.o
 .text.UART_TransmitString
                0x00000000       0x1e build/default/production/mUART.o
 .text.UART_TransmitInt
                0x00000000       0x3a build/default/production/mUART.o
 .text.UART_TransmitNewLine
                0x00000000       0x2a build/default/production/mUART.o
 .text          0x00000000        0x0 build/default/production/main.o
 .data          0x00000000        0x0 build/default/production/main.o
 .bss           0x00000000        0x0 build/default/production/main.o
 .text          0x00000000        0x0 build/default/production/lcd.o
 .data          0x00000000        0x0 build/default/production/lcd.o
 .bss           0x00000000        0x0 build/default/production/lcd.o
 .text          0x00000000        0x0 build/default/production/DIO_1.o
 .data          0x00000000        0x0 build/default/production/DIO_1.o
 .bss           0x00000000        0x0 build/default/production/DIO_1.o
 .text._setPIN  0x00000000       0x16 build/default/production/DIO_1.o
 .text._resetPIN
                0x00000000       0x18 build/default/production/DIO_1.o
 .text.isPressedA
                0x00000000       0x18 build/default/production/DIO_1.o
 .text.isPressedB
                0x00000000       0x18 build/default/production/DIO_1.o
 .text.isPressedC
                0x00000000       0x18 build/default/production/DIO_1.o
 .text.setPIN   0x00000000       0x7e build/default/production/DIO_1.o
 .text.setPINA  0x00000000       0x16 build/default/production/DIO_1.o
 .text.setPINB  0x00000000       0x16 build/default/production/DIO_1.o
 .text.setPIND  0x00000000       0x16 build/default/production/DIO_1.o
 .text.setPORT  0x00000000       0x36 build/default/production/DIO_1.o
 .text.resetPORT
                0x00000000       0x26 build/default/production/DIO_1.o
 .text.PINAas   0x00000000       0x44 build/default/production/DIO_1.o
 .text.PINBas   0x00000000       0x44 build/default/production/DIO_1.o
 .text.PINCas   0x00000000       0x44 build/default/production/DIO_1.o
 .text.PORTAas  0x00000000       0x14 build/default/production/DIO_1.o
 .text.PORTBas  0x00000000       0x14 build/default/production/DIO_1.o
 .text.PORTDas  0x00000000       0x14 build/default/production/DIO_1.o
 .text.setPORTA
                0x00000000        0x4 build/default/production/DIO_1.o
 .text.setPORTB
                0x00000000        0x4 build/default/production/DIO_1.o
 .text.setPORTC
                0x00000000        0x4 build/default/production/DIO_1.o
 .text.setPORTD
                0x00000000        0x4 build/default/production/DIO_1.o
 .text.togglePIND
                0x00000000       0x16 build/default/production/DIO_1.o
 .text.togglePINB
                0x00000000       0x16 build/default/production/DIO_1.o
 .text.togglePINC
                0x00000000       0x16 build/default/production/DIO_1.o
 .text.togglePINA
                0x00000000       0x16 build/default/production/DIO_1.o
 .text          0x00000000        0x0 c:/program files (x86)/microchip/xc8/v2.10/avr/bin/../lib/gcc/avr/5.4.0/avr5/memx-const\libgcc.a(_exit.o)
 .data          0x00000000        0x0 c:/program files (x86)/microchip/xc8/v2.10/avr/bin/../lib/gcc/avr/5.4.0/avr5/memx-const\libgcc.a(_exit.o)
 .bss           0x00000000        0x0 c:/program files (x86)/microchip/xc8/v2.10/avr/bin/../lib/gcc/avr/5.4.0/avr5/memx-const\libgcc.a(_exit.o)
 .text.libgcc.mul
                0x00000000        0x0 c:/program files (x86)/microchip/xc8/v2.10/avr/bin/../lib/gcc/avr/5.4.0/avr5/memx-const\libgcc.a(_exit.o)
 .text.libgcc.div
                0x00000000        0x0 c:/program files (x86)/microchip/xc8/v2.10/avr/bin/../lib/gcc/avr/5.4.0/avr5/memx-const\libgcc.a(_exit.o)
 .text.libgcc   0x00000000        0x0 c:/program files (x86)/microchip/xc8/v2.10/avr/bin/../lib/gcc/avr/5.4.0/avr5/memx-const\libgcc.a(_exit.o)
 .text.libgcc.prologue
                0x00000000        0x0 c:/program files (x86)/microchip/xc8/v2.10/avr/bin/../lib/gcc/avr/5.4.0/avr5/memx-const\libgcc.a(_exit.o)
 .text.libgcc.builtins
                0x00000000        0x0 c:/program files (x86)/microchip/xc8/v2.10/avr/bin/../lib/gcc/avr/5.4.0/avr5/memx-const\libgcc.a(_exit.o)
 .text.libgcc.fmul
                0x00000000        0x0 c:/program files (x86)/microchip/xc8/v2.10/avr/bin/../lib/gcc/avr/5.4.0/avr5/memx-const\libgcc.a(_exit.o)
 .text.libgcc.fixed
                0x00000000        0x0 c:/program files (x86)/microchip/xc8/v2.10/avr/bin/../lib/gcc/avr/5.4.0/avr5/memx-const\libgcc.a(_exit.o)
 .text          0x00000000        0x0 c:/program files (x86)/microchip/xc8/v2.10/avr/bin/../lib/gcc/avr/5.4.0/avr5/memx-const\libgcc.a(_copy_data.o)
 .data          0x00000000        0x0 c:/program files (x86)/microchip/xc8/v2.10/avr/bin/../lib/gcc/avr/5.4.0/avr5/memx-const\libgcc.a(_copy_data.o)
 .bss           0x00000000        0x0 c:/program files (x86)/microchip/xc8/v2.10/avr/bin/../lib/gcc/avr/5.4.0/avr5/memx-const\libgcc.a(_copy_data.o)
 .text.libgcc.mul
                0x00000000        0x0 c:/program files (x86)/microchip/xc8/v2.10/avr/bin/../lib/gcc/avr/5.4.0/avr5/memx-const\libgcc.a(_copy_data.o)
 .text.libgcc.div
                0x00000000        0x0 c:/program files (x86)/microchip/xc8/v2.10/avr/bin/../lib/gcc/avr/5.4.0/avr5/memx-const\libgcc.a(_copy_data.o)
 .text.libgcc   0x00000000        0x0 c:/program files (x86)/microchip/xc8/v2.10/avr/bin/../lib/gcc/avr/5.4.0/avr5/memx-const\libgcc.a(_copy_data.o)
 .text.libgcc.prologue
                0x00000000        0x0 c:/program files (x86)/microchip/xc8/v2.10/avr/bin/../lib/gcc/avr/5.4.0/avr5/memx-const\libgcc.a(_copy_data.o)
 .text.libgcc.builtins
                0x00000000        0x0 c:/program files (x86)/microchip/xc8/v2.10/avr/bin/../lib/gcc/avr/5.4.0/avr5/memx-const\libgcc.a(_copy_data.o)
 .text.libgcc.fmul
                0x00000000        0x0 c:/program files (x86)/microchip/xc8/v2.10/avr/bin/../lib/gcc/avr/5.4.0/avr5/memx-const\libgcc.a(_copy_data.o)
 .text.libgcc.fixed
                0x00000000        0x0 c:/program files (x86)/microchip/xc8/v2.10/avr/bin/../lib/gcc/avr/5.4.0/avr5/memx-const\libgcc.a(_copy_data.o)
 .text          0x00000000        0x0 c:/program files (x86)/microchip/xc8/v2.10/avr/bin/../lib/gcc/avr/5.4.0/avr5/memx-const\libgcc.a(_movmemx.o)
 .data          0x00000000        0x0 c:/program files (x86)/microchip/xc8/v2.10/avr/bin/../lib/gcc/avr/5.4.0/avr5/memx-const\libgcc.a(_movmemx.o)
 .bss           0x00000000        0x0 c:/program files (x86)/microchip/xc8/v2.10/avr/bin/../lib/gcc/avr/5.4.0/avr5/memx-const\libgcc.a(_movmemx.o)
 .text.libgcc.mul
                0x00000000        0x0 c:/program files (x86)/microchip/xc8/v2.10/avr/bin/../lib/gcc/avr/5.4.0/avr5/memx-const\libgcc.a(_movmemx.o)
 .text.libgcc.div
                0x00000000        0x0 c:/program files (x86)/microchip/xc8/v2.10/avr/bin/../lib/gcc/avr/5.4.0/avr5/memx-const\libgcc.a(_movmemx.o)
 .text.libgcc.prologue
                0x00000000        0x0 c:/program files (x86)/microchip/xc8/v2.10/avr/bin/../lib/gcc/avr/5.4.0/avr5/memx-const\libgcc.a(_movmemx.o)
 .text.libgcc.builtins
                0x00000000        0x0 c:/program files (x86)/microchip/xc8/v2.10/avr/bin/../lib/gcc/avr/5.4.0/avr5/memx-const\libgcc.a(_movmemx.o)
 .text.libgcc.fmul
                0x00000000        0x0 c:/program files (x86)/microchip/xc8/v2.10/avr/bin/../lib/gcc/avr/5.4.0/avr5/memx-const\libgcc.a(_movmemx.o)
 .text.libgcc.fixed
                0x00000000        0x0 c:/program files (x86)/microchip/xc8/v2.10/avr/bin/../lib/gcc/avr/5.4.0/avr5/memx-const\libgcc.a(_movmemx.o)
 .text          0x00000000        0x0 c:/program files (x86)/microchip/xc8/v2.10/avr/bin/../lib/gcc/avr/5.4.0/../../../../avr/lib/avr5/memx-const\libc.a(strcmp_M.o)
 .data          0x00000000        0x0 c:/program files (x86)/microchip/xc8/v2.10/avr/bin/../lib/gcc/avr/5.4.0/../../../../avr/lib/avr5/memx-const\libc.a(strcmp_M.o)
 .bss           0x00000000        0x0 c:/program files (x86)/microchip/xc8/v2.10/avr/bin/../lib/gcc/avr/5.4.0/../../../../avr/lib/avr5/memx-const\libc.a(strcmp_M.o)
 .text          0x00000000        0x0 c:/program files (x86)/microchip/xc8/v2.10/avr/bin/../lib/gcc/avr/5.4.0/../../../../avr/lib/avr5/memx-const\libc.a(strcpy_M.o)
 .data          0x00000000        0x0 c:/program files (x86)/microchip/xc8/v2.10/avr/bin/../lib/gcc/avr/5.4.0/../../../../avr/lib/avr5/memx-const\libc.a(strcpy_M.o)
 .bss           0x00000000        0x0 c:/program files (x86)/microchip/xc8/v2.10/avr/bin/../lib/gcc/avr/5.4.0/../../../../avr/lib/avr5/memx-const\libc.a(strcpy_M.o)
 .text          0x00000000        0x0 c:/program files (x86)/microchip/xc8/v2.10/avr/bin/../lib/gcc/avr/5.4.0/../../../../avr/lib/avr5/memx-const\libc.a(itoa_ncheck.o)
 .data          0x00000000        0x0 c:/program files (x86)/microchip/xc8/v2.10/avr/bin/../lib/gcc/avr/5.4.0/../../../../avr/lib/avr5/memx-const\libc.a(itoa_ncheck.o)
 .bss           0x00000000        0x0 c:/program files (x86)/microchip/xc8/v2.10/avr/bin/../lib/gcc/avr/5.4.0/../../../../avr/lib/avr5/memx-const\libc.a(itoa_ncheck.o)
 .text.avrlibc  0x00000000       0x16 c:/program files (x86)/microchip/xc8/v2.10/avr/bin/../lib/gcc/avr/5.4.0/../../../../avr/lib/avr5/memx-const\libc.a(itoa_ncheck.o)
 .text          0x00000000        0x0 c:/program files (x86)/microchip/xc8/v2.10/avr/bin/../lib/gcc/avr/5.4.0/../../../../avr/lib/avr5/memx-const\libc.a(utoa_ncheck.o)
 .data          0x00000000        0x0 c:/program files (x86)/microchip/xc8/v2.10/avr/bin/../lib/gcc/avr/5.4.0/../../../../avr/lib/avr5/memx-const\libc.a(utoa_ncheck.o)
 .bss           0x00000000        0x0 c:/program files (x86)/microchip/xc8/v2.10/avr/bin/../lib/gcc/avr/5.4.0/../../../../avr/lib/avr5/memx-const\libc.a(utoa_ncheck.o)
 .text.avrlibc  0x00000000       0x34 c:/program files (x86)/microchip/xc8/v2.10/avr/bin/../lib/gcc/avr/5.4.0/../../../../avr/lib/avr5/memx-const\libc.a(utoa_ncheck.o)
 .text          0x00000000        0x0 c:/program files (x86)/microchip/xc8/v2.10/avr/bin/../lib/gcc/avr/5.4.0/../../../../avr/lib/avr5/memx-const\libc.a(strrev.o)
 .data          0x00000000        0x0 c:/program files (x86)/microchip/xc8/v2.10/avr/bin/../lib/gcc/avr/5.4.0/../../../../avr/lib/avr5/memx-const\libc.a(strrev.o)
 .bss           0x00000000        0x0 c:/program files (x86)/microchip/xc8/v2.10/avr/bin/../lib/gcc/avr/5.4.0/../../../../avr/lib/avr5/memx-const\libc.a(strrev.o)
 .text.avrlibc  0x00000000       0x20 c:/program files (x86)/microchip/xc8/v2.10/avr/bin/../lib/gcc/avr/5.4.0/../../../../avr/lib/avr5/memx-const\libc.a(strrev.o)

Memory Configuration

Name             Origin             Length             Attributes
text             0x00000000         0x00008000         xr
data             0x00800060         0x00000800         rw !x
eeprom           0x00810000         0x00000400         rw !x
fuse             0x00820000         0x00000002         rw !x
lock             0x00830000         0x00000400         rw !x
signature        0x00840000         0x00000400         rw !x
user_signatures  0x00850000         0x00000400         rw !x
*default*        0x00000000         0xffffffff

Linker script and memory map

LOAD C:/Program Files (x86)/Microchip/MPLABX/v5.35/packs/Microchip/ATmega_DFP/2.1.87/gcc/dev/atmega32a/avr5/memx-const/crtatmega32a.o
                0x00000001                __MPLAB_BUILD = 0x1
LOAD build/default/production/mUART.o
LOAD build/default/production/main.o
LOAD build/default/production/lcd.o
LOAD build/default/production/DIO_1.o
START GROUP
LOAD c:/program files (x86)/microchip/xc8/v2.10/avr/bin/../lib/gcc/avr/5.4.0/../../../../avr/lib/avr5/memx-const\libm.a
END GROUP
START GROUP
LOAD c:/program files (x86)/microchip/xc8/v2.10/avr/bin/../lib/gcc/avr/5.4.0/avr5/memx-const\libgcc.a
LOAD c:/program files (x86)/microchip/xc8/v2.10/avr/bin/../lib/gcc/avr/5.4.0/../../../../avr/lib/avr5/memx-const\libm.a
LOAD c:/program files (x86)/microchip/xc8/v2.10/avr/bin/../lib/gcc/avr/5.4.0/../../../../avr/lib/avr5/memx-const\libc.a
LOAD C:/Program Files (x86)/Microchip/MPLABX/v5.35/packs/Microchip/ATmega_DFP/2.1.87/gcc/dev/atmega32a/avr5/memx-const\libatmega32a.a
END GROUP
                [0x00000000]                __TEXT_REGION_ORIGIN__ = DEFINED (__TEXT_REGION_ORIGIN__)?__TEXT_REGION_ORIGIN__:0x0
                [0x00800060]                __DATA_REGION_ORIGIN__ = DEFINED (__DATA_REGION_ORIGIN__)?__DATA_REGION_ORIGIN__:0x800060
                [0x00008000]                __TEXT_REGION_LENGTH__ = DEFINED (__TEXT_REGION_LENGTH__)?__TEXT_REGION_LENGTH__:0x20000
                [0x00000800]                __DATA_REGION_LENGTH__ = DEFINED (__DATA_REGION_LENGTH__)?__DATA_REGION_LENGTH__:0xffa0
                [0x00000400]                __EEPROM_REGION_LENGTH__ = DEFINED (__EEPROM_REGION_LENGTH__)?__EEPROM_REGION_LENGTH__:0x10000
                [0x00000002]                __FUSE_REGION_LENGTH__ = DEFINED (__FUSE_REGION_LENGTH__)?__FUSE_REGION_LENGTH__:0x400
                0x00000400                __LOCK_REGION_LENGTH__ = DEFINED (__LOCK_REGION_LENGTH__)?__LOCK_REGION_LENGTH__:0x400
                0x00000400                __SIGNATURE_REGION_LENGTH__ = DEFINED (__SIGNATURE_REGION_LENGTH__)?__SIGNATURE_REGION_LENGTH__:0x400
                0x00000400                __USER_SIGNATURE_REGION_LENGTH__ = DEFINED (__USER_SIGNATURE_REGION_LENGTH__)?__USER_SIGNATURE_REGION_LENGTH__:0x400

.hash
 *(.hash)

.dynsym
 *(.dynsym)

.dynstr
 *(.dynstr)

.gnu.version
 *(.gnu.version)

.gnu.version_d
 *(.gnu.version_d)

.gnu.version_r
 *(.gnu.version_r)

.rel.init
 *(.rel.init)

.rela.init
 *(.rela.init)

.rel.text
 *(.rel.text)
 *(.rel.text.*)
 *(.rel.gnu.linkonce.t*)

.rela.text
 *(.rela.text)
 *(.rela.text.*)
 *(.rela.gnu.linkonce.t*)

.rel.fini
 *(.rel.fini)

.rela.fini
 *(.rela.fini)

.rel.rodata
 *(.rel.rodata)
 *(.rel.rodata.*)
 *(.rel.gnu.linkonce.r*)

.rela.rodata
 *(.rela.rodata)
 *(.rela.rodata.*)
 *(.rela.gnu.linkonce.r*)

.rel.data
 *(.rel.data)
 *(.rel.data.*)
 *(.rel.gnu.linkonce.d*)

.rela.data
 *(.rela.data)
 *(.rela.data.*)
 *(.rela.gnu.linkonce.d*)

.rel.ctors
 *(.rel.ctors)

.rela.ctors
 *(.rela.ctors)

.rel.dtors
 *(.rel.dtors)

.rela.dtors
 *(.rela.dtors)

.rel.got
 *(.rel.got)

.rela.got
 *(.rela.got)

.rel.bss
 *(.rel.bss)

.rela.bss
 *(.rela.bss)

.rel.plt
 *(.rel.plt)

.rela.plt
 *(.rela.plt)

.text           0x00000000       0xb2
 *(.vectors)
 .vectors       0x00000000       0x54 C:/Program Files (x86)/Microchip/MPLABX/v5.35/packs/Microchip/ATmega_DFP/2.1.87/gcc/dev/atmega32a/avr5/memx-const/crtatmega32a.o
                0x00000000                __vector_default
                0x00000000                __vectors
 *(.vectors)
 *(.progmem.gcc*)
 *(.dinit)
 .dinit         0x00000054        0xa data_init
                0x0000005e                . = ALIGN (0x2)
                0x0000005e                __trampolines_start = .
 *(.trampolines)
 .trampolines   0x0000005e        0x0 linker stubs
 *(.trampolines*)
                0x0000005e                __trampolines_end = .
 *libprintf_flt.a:*(.progmem.data)
 *libc.a:*(.progmem.data)
                0x0000005e                . = ALIGN (0x2)
 *(.jumptables)
 *(.jumptables*)
 *(.lowtext)
 *(.lowtext*)
                0x0000005e                __ctors_start = .
 *(.ctors)
                0x0000005e                __ctors_end = .
                0x0000005e                __dtors_start = .
 *(.dtors)
                0x0000005e                __dtors_end = .
 SORT(*)(.ctors)
 SORT(*)(.dtors)
 *(.init0)
 .init0         0x0000005e        0x0 C:/Program Files (x86)/Microchip/MPLABX/v5.35/packs/Microchip/ATmega_DFP/2.1.87/gcc/dev/atmega32a/avr5/memx-const/crtatmega32a.o
                0x0000005e                __init
 *(.init0)
 *(.init1)
 *(.init1)
 *(.init2)
 .init2         0x0000005e        0xc C:/Program Files (x86)/Microchip/MPLABX/v5.35/packs/Microchip/ATmega_DFP/2.1.87/gcc/dev/atmega32a/avr5/memx-const/crtatmega32a.o
 *(.init2)
 *(.init3)
 *(.init3)
 *(.init4)
 .init4         0x0000006a       0x3c c:/program files (x86)/microchip/xc8/v2.10/avr/bin/../lib/gcc/avr/5.4.0/avr5/memx-const\libgcc.a(_copy_data.o)
                0x0000006a                __do_copy_data
                0x00000098                __do_clear_bss
 *(.init4)
 *(.init5)
 *(.init5)
 *(.init6)
 *(.init6)
 *(.init7)
 *(.init7)
 *(.init8)
 *(.init8)
 *(.init9)
 .init9         0x000000a6        0x8 C:/Program Files (x86)/Microchip/MPLABX/v5.35/packs/Microchip/ATmega_DFP/2.1.87/gcc/dev/atmega32a/avr5/memx-const/crtatmega32a.o
 *(.init9)
                0x000000ae                . = ALIGN (0x2)
 *(.fini9)
 .fini9         0x000000ae        0x0 c:/program files (x86)/microchip/xc8/v2.10/avr/bin/../lib/gcc/avr/5.4.0/avr5/memx-const\libgcc.a(_exit.o)
                0x000000ae                _exit
                0x000000ae                exit
 *(.fini9)
 *(.fini8)
 *(.fini8)
 *(.fini7)
 *(.fini7)
 *(.fini6)
 *(.fini6)
 *(.fini5)
 *(.fini5)
 *(.fini4)
 *(.fini4)
 *(.fini3)
 *(.fini3)
 *(.fini2)
 *(.fini2)
 *(.fini1)
 *(.fini1)
 *(.fini0)
 .fini0         0x000000ae        0x4 c:/program files (x86)/microchip/xc8/v2.10/avr/bin/../lib/gcc/avr/5.4.0/avr5/memx-const\libgcc.a(_exit.o)
 *(.fini0)
                0x000000b2                _etext = .

.data           0x00800060        0x0 load address 0x000000b2
                [!provide]                PROVIDE (__data_start, .)
 *(.gnu.linkonce.d*)
 *(.gnu.linkonce.r*)
                0x00800060                . = ALIGN (0x2)
                0x00800060                _edata = .
                [!provide]                PROVIDE (__data_end, .)

.bss            0x00800060        0x0
                [!provide]                PROVIDE (__bss_start, .)
 *(COMMON)
                [!provide]                PROVIDE (__bss_end, .)
                0x000000b2                __data_load_start = LOADADDR (.data)
                0x000000b2                __data_load_end = (__data_load_start + SIZEOF (.data))

.noinit         0x00800060        0x0
                [!provide]                PROVIDE (__noinit_start, .)
 *(.noinit*)
                [!provide]                PROVIDE (__noinit_end, .)
                0x00800060                _end = .

.eeprom         0x00810000        0x0
 *(.eeprom*)
                0x00810000                __eeprom_end = .

.fuse
 *(.fuse)
 *(.lfuse)
 *(.hfuse)
 *(.efuse)

.lock
 *(.lock*)

.signature
 *(.signature*)

.user_signatures
 *(.user_signatures*)

.stab
 *(.stab)

.stabstr
 *(.stabstr)

.stab.excl
 *(.stab.excl)

.stab.exclstr
 *(.stab.exclstr)

.stab.index
 *(.stab.index)

.stab.indexstr
 *(.stab.indexstr)

.comment        0x00000000       0x5b
 *(.comment)
 .comment       0x00000000       0x2f build/default/production/mUART.o
                                 0x30 (size before relaxing)
 .comment       0x0000002f       0x30 build/default/production/main.o
 .comment       0x0000002f       0x30 build/default/production/lcd.o
 .comment       0x0000002f       0x30 build/default/production/DIO_1.o
 .comment       0x0000002f       0x2c c:/program files (x86)/microchip/xc8/v2.10/avr/bin/../lib/gcc/avr/5.4.0/../../../../avr/lib/avr5/memx-const\libc.a(strcmp_M.o)
                                 0x2d (size before relaxing)
 .comment       0x0000005b       0x2d c:/program files (x86)/microchip/xc8/v2.10/avr/bin/../lib/gcc/avr/5.4.0/../../../../avr/lib/avr5/memx-const\libc.a(strcpy_M.o)

.note.gnu.build-id
 *(.note.gnu.build-id)

.debug
 *(.debug)

.line
 *(.line)

.debug_srcinfo
 *(.debug_srcinfo)

.debug_sfnames
 *(.debug_sfnames)

.debug_aranges  0x00000000      0x1c8
 *(.debug_aranges)
 .debug_aranges
                0x00000000       0x58 build/default/production/mUART.o
 .debug_aranges
                0x00000058       0x20 build/default/production/main.o
 .debug_aranges
                0x00000078       0x48 build/default/production/lcd.o
 .debug_aranges
                0x000000c0      0x108 build/default/production/DIO_1.o

.debug_pubnames
 *(.debug_pubnames)

.debug_info     0x00000000     0x2075
 *(.debug_info .gnu.linkonce.wi.*)
 .debug_info    0x00000000      0x4e6 C:/Program Files (x86)/Microchip/MPLABX/v5.35/packs/Microchip/ATmega_DFP/2.1.87/gcc/dev/atmega32a/avr5/memx-const/crtatmega32a.o
 .debug_info    0x000004e6      0x5e8 build/default/production/mUART.o
 .debug_info    0x00000ace      0x6b9 build/default/production/main.o
 .debug_info    0x00001187      0x6f3 build/default/production/lcd.o
 .debug_info    0x0000187a      0x7fb build/default/production/DIO_1.o

.debug_abbrev   0x00000000      0x96c
 *(.debug_abbrev)
 .debug_abbrev  0x00000000      0x4a3 C:/Program Files (x86)/Microchip/MPLABX/v5.35/packs/Microchip/ATmega_DFP/2.1.87/gcc/dev/atmega32a/avr5/memx-const/crtatmega32a.o
 .debug_abbrev  0x000004a3      0x19f build/default/production/mUART.o
 .debug_abbrev  0x00000642       0xd7 build/default/production/main.o
 .debug_abbrev  0x00000719      0x163 build/default/production/lcd.o
 .debug_abbrev  0x0000087c       0xf0 build/default/production/DIO_1.o

.debug_line     0x00000000      0xb91
 *(.debug_line .debug_line.* .debug_line_end)
 .debug_line    0x00000000      0x119 C:/Program Files (x86)/Microchip/MPLABX/v5.35/packs/Microchip/ATmega_DFP/2.1.87/gcc/dev/atmega32a/avr5/memx-const/crtatmega32a.o
 .debug_line    0x00000119      0x1b2 build/default/production/mUART.o
 .debug_line    0x000002cb      0x1e2 build/default/production/main.o
 .debug_line    0x000004ad      0x27d build/default/production/lcd.o
 .debug_line    0x0000072a      0x467 build/default/production/DIO_1.o

.debug_frame    0x00000000      0x390
 *(.debug_frame)
 .debug_frame   0x00000000       0xd8 build/default/production/mUART.o
 .debug_frame   0x000000d8       0x38 build/default/production/main.o
 .debug_frame   0x00000110       0x8c build/default/production/lcd.o
 .debug_frame   0x0000019c      0x1f4 build/default/production/DIO_1.o

.debug_str      0x00000000      0x22e
 *(.debug_str)
 .debug_str     0x00000000      0x196 C:/Program Files (x86)/Microchip/MPLABX/v5.35/packs/Microchip/ATmega_DFP/2.1.87/gcc/dev/atmega32a/avr5/memx-const/crtatmega32a.o
 .debug_str     0x00000196        0xe build/default/production/mUART.o
 .debug_str     0x000001a4       0x5d build/default/production/main.o
 .debug_str     0x00000201       0x26 build/default/production/lcd.o
 .debug_str     0x00000227        0x7 build/default/production/DIO_1.o

.debug_loc      0x00000000      0xc9e
 *(.debug_loc)
 .debug_loc     0x00000000      0x240 build/default/production/mUART.o
 .debug_loc     0x00000240       0x44 build/default/production/main.o
 .debug_loc     0x00000284      0x446 build/default/production/lcd.o
 .debug_loc     0x000006ca      0x5d4 build/default/production/DIO_1.o

.debug_macinfo
 *(.debug_macinfo)

.debug_weaknames
 *(.debug_weaknames)

.debug_funcnames
 *(.debug_funcnames)

.debug_typenames
 *(.debug_typenames)

.debug_varnames
 *(.debug_varnames)

.debug_pubtypes
 *(.debug_pubtypes)

.debug_ranges   0x00000000      0x188
 *(.debug_ranges)
 .debug_ranges  0x00000000       0x48 build/default/production/mUART.o
 .debug_ranges  0x00000048       0x10 build/default/production/main.o
 .debug_ranges  0x00000058       0x38 build/default/production/lcd.o
 .debug_ranges  0x00000090       0xf8 build/default/production/DIO_1.o

.debug_macro
 *(.debug_macro)
OUTPUT(dist/default/production/master.X.production.elf elf32-avr)
LOAD linker stubs
LOAD data_init

.note.gnu.avr.deviceinfo
                0x00000000       0x3c
 .note.gnu.avr.deviceinfo
                0x00000000       0x3c C:/Program Files (x86)/Microchip/MPLABX/v5.35/packs/Microchip/ATmega_DFP/2.1.87/gcc/dev/atmega32a/avr5/memx-const/crtatmega32a.o

.bss.string.1800
                0x00800060       0x14
 .bss.string.1800
                0x00800060       0x14 build/default/production/mUART.o

.bss.temp.1801  0x00800074        0x2
 .bss.temp.1801
                0x00800074        0x2 build/default/production/mUART.o

.progmemx.data  0x000000b2       0x78
 .progmemx.data
                0x000000b2       0x78 build/default/production/main.o

.text.main      0x0000012a      0x33c
 .text.main     0x0000012a      0x33c build/default/production/main.o
                0x0000012a                main

.text.resetPIN  0x00000466       0x86
 .text.resetPIN
                0x00000466       0x86 build/default/production/DIO_1.o
                0x00000466                resetPIN

.text.LCD_Command
                0x000004ec       0x50
 .text.LCD_Command
                0x000004ec       0x50 build/default/production/lcd.o
                0x000004ec                LCD_Command

.text.LCD_Char  0x0000053c       0x50
 .text.LCD_Char
                0x0000053c       0x50 build/default/production/lcd.o
                0x0000053c                LCD_Char

.text.PINDas    0x0000058c       0x44
 .text.PINDas   0x0000058c       0x44 build/default/production/DIO_1.o
                0x0000058c                PINDas

.text.LCD_Init  0x000005d0       0x42
 .text.LCD_Init
                0x000005d0       0x42 build/default/production/lcd.o
                0x000005d0                LCD_Init

.text.avrlibc   0x00000612       0x42
 .text.avrlibc  0x00000612       0x42 c:/program files (x86)/microchip/xc8/v2.10/avr/bin/../lib/gcc/avr/5.4.0/../../../../avr/lib/avr5/memx-const\libc.a(strcmp_M.o)
                0x00000612                strcmp

.text.UART_init
                0x00000654       0x40
 .text.UART_init
                0x00000654       0x40 build/default/production/mUART.o
                0x00000654                UART_init

.text.UART_ReceiveString
                0x00000694       0x38
 .text.UART_ReceiveString
                0x00000694       0x38 build/default/production/mUART.o
                0x00000694                UART_ReceiveString

.text.LCD_String_xy
                0x000006cc       0x38
 .text.LCD_String_xy
                0x000006cc       0x38 build/default/production/lcd.o
                0x000006cc                LCD_String_xy

.text.LCD_String
                0x00000704       0x1e
 .text.LCD_String
                0x00000704       0x1e build/default/production/lcd.o
                0x00000704                LCD_String

.text.avrlibc   0x00000722       0x1e
 .text.avrlibc  0x00000722       0x1e c:/program files (x86)/microchip/xc8/v2.10/avr/bin/../lib/gcc/avr/5.4.0/../../../../avr/lib/avr5/memx-const\libc.a(strcpy_M.o)
                0x00000722                strcpy

.text.LCD_Clear
                0x00000740       0x1a
 .text.LCD_Clear
                0x00000740       0x1a build/default/production/lcd.o
                0x00000740                LCD_Clear

.text.libgcc    0x0000075a       0x1a
 .text.libgcc   0x0000075a       0x1a c:/program files (x86)/microchip/xc8/v2.10/avr/bin/../lib/gcc/avr/5.4.0/avr5/memx-const\libgcc.a(_movmemx.o)
                0x0000075a                __movmemx_qi
                0x0000075c                __movmemx_hi

.text.isPressedD
                0x00000774       0x18
 .text.isPressedD
                0x00000774       0x18 build/default/production/DIO_1.o
                0x00000774                isPressedD

.text.setPINC   0x0000078c       0x16
 .text.setPINC  0x0000078c       0x16 build/default/production/DIO_1.o
                0x0000078c                setPINC

.text.PORTCas   0x000007a2       0x14
 .text.PORTCas  0x000007a2       0x14 build/default/production/DIO_1.o
                0x000007a2                PORTCas

.text.UART_ReceiveChar
                0x000007b6        0x8
 .text.UART_ReceiveChar
                0x000007b6        0x8 build/default/production/mUART.o
                0x000007b6                UART_ReceiveChar

.text           0x000007be        0x4
 .text          0x000007be        0x4 C:/Program Files (x86)/Microchip/MPLABX/v5.35/packs/Microchip/ATmega_DFP/2.1.87/gcc/dev/atmega32a/avr5/memx-const/crtatmega32a.o
                0x000007be                __vector_1
                0x000007be                __vector_12
                0x000007be                __bad_interrupt
                0x000007be                __vector_6
                0x000007be                __vector_3
                0x000007be                __vector_11
                0x000007be                __vector_13
                0x000007be                __vector_17
                0x000007be                __vector_19
                0x000007be                __vector_7
                0x000007be                __vector_5
                0x000007be                __vector_4
                0x000007be                __vector_9
                0x000007be                __vector_2
                0x000007be                __vector_15
                0x000007be                __vector_8
                0x000007be                __vector_14
                0x000007be                __vector_10
                0x000007be                __vector_16
                0x000007be                __vector_18
                0x000007be                __vector_20
